Query: Work only in the current directory. Use a terminal tool to run 'date'. 
Then use a terminal tool to run 'pwd'. In the final answer quote both actual 
tool outputs exactly. Do not fabricate either result.
Initializing agent...
  ⚠ tirith security scanner enabled but not available — command scanning will use pattern matching only
────────────────────────────────────────

  ┊ 💻 preparing terminal…
  ┊ 💻 $         date  0.1s
  ┊ 💻 $         pwd  0.0s

╭─ ☤ Hermes ───────────────────────────────────────────────────────────────────╮
Both commands ran successfully. Here are the exact outputs:

date:

Sat Sep 19 21:20:55 CEST 2026


pwd:

/Users/<user>

╰──────────────────────────────────────────────────────────────────────────────╯

Resume this session with:
  hermes --resume 20260919_211926_c88c46 -p local-ornith
  hermes -c "Run date and pwd commands" -p local-ornith

Session:        20260919_211926_c88c46
Title:          Run date and pwd commands
Duration:       1m 40s
Messages:       5 (1 user, 3 tool calls)
