Query: Use a terminal tool to run 'date'. Then use a terminal tool to run 'pwd'.
In the final answer quote both actual tool outputs exactly. Do not fabricate 
either result.
Initializing agent...
────────────────────────────────────────

  ┊ 💻 preparing terminal…
  ┊ 💻 $         date  0.1s
  ┊ 💻 $         pwd  0.0s

╭─ ☤ Hermes ───────────────────────────────────────────────────────────────────╮
Both commands ran successfully. Actual outputs:

- date → Sat Sep 19 21:30:02 CEST 2026
- pwd → /Users/<user>
╰──────────────────────────────────────────────────────────────────────────────╯

Resume this session with:
  hermes --resume 20260919_212835_4c6957 -p local-ornith
  hermes -c "Run date and pwd in terminal" -p local-ornith

Session:        20260919_212835_4c6957
Title:          Run date and pwd in terminal
Duration:       1m 37s
Messages:       5 (1 user, 3 tool calls)
