Requirement already satisfied: pip in ./.venv/lib/python3.9/site-packages (21.2.4)
Collecting pip
  Downloading pip-26.0.1-py3-none-any.whl (1.8 MB)
Requirement already satisfied: setuptools in ./.venv/lib/python3.9/site-packages (58.0.4)
Collecting setuptools
  Downloading setuptools-82.0.1-py3-none-any.whl (1.0 MB)
Collecting wheel
  Downloading wheel-0.48.0-py3-none-any.whl (33 kB)
Collecting packaging>=24.0
  Downloading packaging-26.3-py3-none-any.whl (129 kB)
Installing collected packages: packaging, wheel, setuptools, pip
  Attempting uninstall: setuptools
    Found existing installation: setuptools 58.0.4
    Uninstalling setuptools-58.0.4:
      Successfully uninstalled setuptools-58.0.4
  Attempting uninstall: pip
    Found existing installation: pip 21.2.4
    Uninstalling pip-21.2.4:
      Successfully uninstalled pip-21.2.4
Successfully installed packaging-26.3 pip-26.0.1 setuptools-82.0.1 wheel-0.48.0
