              disk0               disk4               disk6               disk7 
    KB/t  tps  MB/s     KB/t  tps  MB/s     KB/t  tps  MB/s     KB/t  tps  MB/s 
  161.81 1319 208.38     5.44    0  0.00    13.04    0  0.00     4.49    5  0.02 
  247.40 3652 882.46     0.00    0  0.00     0.00    0  0.00     0.00    0  0.00 
  310.46 3943 1195.54     0.00    0  0.00     0.00    0  0.00     0.00    0  0.00 
  122.25 7004 836.15     0.00    0  0.00     0.00    0  0.00     0.00    0  0.00 
   19.14 10947 204.64     0.00    0  0.00     0.00    0  0.00     0.00    0  0.00 
   19.43 10382 197.03     0.00    0  0.00     0.00    0  0.00     0.00    0  0.00 
   18.77 9949 182.33     0.00    0  0.00     0.00    0  0.00     0.00    0  0.00 
  169.04 1337 220.66     0.00    0  0.00     0.00    0  0.00     0.00    0  0.00 
  164.12 1738 278.55     0.00    0  0.00     0.00    0  0.00     0.00    0  0.00 
  126.62 2824 349.15     0.00    0  0.00     0.00    0  0.00     0.00    0  0.00 
  199.37  917 178.46     0.00    0  0.00     0.00    0  0.00     0.00    0  0.00 
  208.94 1360 277.47     0.00    0  0.00     0.00    0  0.00     0.00    0  0.00 
   59.48  280 16.25     0.00    0  0.00     0.00    0  0.00     0.00    0  0.00 
  102.13 2659 265.14     0.00    0  0.00     0.00    0  0.00     0.00    0  0.00 
  133.96 2439 319.09     0.00    0  0.00     0.00    0  0.00     0.00    0  0.00 
  346.89 1175 398.15     0.00    0  0.00     0.00    0  0.00     0.00    0  0.00 
  500.79  924 452.09     0.00    0  0.00     0.00    0  0.00     0.00    0  0.00 
  484.82  767 363.07     0.00    0  0.00     0.00    0  0.00     0.00    0  0.00 
  338.00  427 140.97     0.00    0  0.00     0.00    0  0.00     0.00    0  0.00 
   60.03  890 52.19     0.00    0  0.00     0.00    0  0.00     0.00    0  0.00 
              disk0               disk4               disk6               disk7 
    KB/t  tps  MB/s     KB/t  tps  MB/s     KB/t  tps  MB/s     KB/t  tps  MB/s 
  211.20 2037 420.20     0.00    0  0.00     0.00    0  0.00     0.00    0  0.00 
   46.42 11393 516.47     0.00    0  0.00     0.00    0  0.00     0.00    0  0.00 
   64.50 12304 774.95     0.00    0  0.00     0.00    0  0.00     0.00    0  0.00 
  444.64 1194 518.29     0.00    0  0.00     0.00    0  0.00     0.00    0  0.00 
  129.36 3242 409.57     0.00    0  0.00     0.00    0  0.00     0.00    0  0.00 
  104.40 2063 210.37     0.00    0  0.00     0.00    0  0.00     0.00    0  0.00 
   31.76 2270 70.40     0.00    0  0.00     0.00    0  0.00     0.00    0  0.00 
  189.10 1954 360.77     0.00    0  0.00     0.00    0  0.00     0.00    0  0.00 
  562.95  443 243.62     0.00    0  0.00     0.00    0  0.00     0.00    0  0.00 
  341.61 1403 468.10     0.00    0  0.00     0.00    0  0.00     0.00    0  0.00 
  269.67 1914 504.15     0.00    0  0.00     0.00    0  0.00     0.00    0  0.00 
  317.28 1888 584.86     0.00    0  0.00     0.00    0  0.00     0.00    0  0.00 
   28.48 2063 57.36     0.00    0  0.00     0.00    0  0.00     0.00    0  0.00 
   19.43 2723 51.67     0.00    0  0.00     0.00    0  0.00     0.00    0  0.00 
  385.93 1569 591.33     0.00    0  0.00     0.00    0  0.00     0.00    0  0.00 
  193.40 1344 253.87     0.00    0  0.00     0.00    0  0.00     0.00    0  0.00 
  148.57 2451 355.65     0.00    0  0.00     0.00    0  0.00     0.00    0  0.00 
  196.13 3352 641.94     0.00    0  0.00     0.00    0  0.00     0.00    0  0.00 
  671.01  790 517.35     0.00    0  0.00     0.00    0  0.00     0.00    0  0.00 
   38.15 1814 67.59     0.00    0  0.00     0.00    0  0.00     0.00    0  0.00 
              disk0               disk4               disk6               disk7 
    KB/t  tps  MB/s     KB/t  tps  MB/s     KB/t  tps  MB/s     KB/t  tps  MB/s 
   54.81  808 43.27     0.00    0  0.00     0.00    0  0.00     0.00    0  0.00 
  246.00 2032 488.26     0.00    0  0.00     0.00    0  0.00     0.00    0  0.00 
  155.20 1620 245.50     0.00    0  0.00     0.00    0  0.00     0.00    0  0.00 
  487.68 1116 531.70     0.00    0  0.00     0.00    0  0.00     0.00    0  0.00 
  404.97 1540 609.14     0.00    0  0.00     0.00    0  0.00     0.00    0  0.00 
  355.10 1463 507.20     0.00    0  0.00     0.00    0  0.00     0.00    0  0.00 
  184.98  782 141.34     0.00    0  0.00     0.00    0  0.00     0.00    0  0.00 
  148.07  257 37.14     0.00    0  0.00     0.00    0  0.00     0.00    0  0.00 
  529.78  546 282.43     0.00    0  0.00     0.00    0  0.00     0.00    0  0.00 
  653.80  597 381.27     0.00    0  0.00     0.00    0  0.00     0.00    0  0.00 
  325.71 1841 585.69     0.00    0  0.00     0.00    0  0.00     0.00    0  0.00 
  338.78 1966 650.40     0.00    0  0.00     0.00    0  0.00     0.00    0  0.00 
  294.74 1789 514.93     0.00    0  0.00     0.00    0  0.00     0.00    0  0.00 
  106.95 1654 172.71     0.00    0  0.00     0.00    0  0.00     0.00    0  0.00 
  187.20  241 44.14     0.00    0  0.00     0.00    0  0.00     0.00    0  0.00 
  373.88 1502 548.53     0.00    0  0.00     0.00    0  0.00     0.00    0  0.00 
  159.34 2113 328.72     0.00    0  0.00     0.00    0  0.00     0.00    0  0.00 
  178.50 2632 458.79     0.00    0  0.00     0.00    0  0.00     0.00    0  0.00 
  451.38 1328 585.32     0.00    0  0.00     0.00    0  0.00     0.00    0  0.00 
  231.16 2828 638.42     0.00    0  0.00     0.00    0  0.00     0.00    0  0.00 
              disk0               disk4               disk6               disk7 
    KB/t  tps  MB/s     KB/t  tps  MB/s     KB/t  tps  MB/s     KB/t  tps  MB/s 
   63.71  805 50.09     0.00    0  0.00     0.00    0  0.00     0.00    0  0.00 
   49.81  998 48.52     0.00    0  0.00     0.00    0  0.00     0.00    0  0.00 
  169.98 4194 696.24     0.00    0  0.00     0.00    0  0.00     0.00    0  0.00 
  477.55  832 387.83     0.00    0  0.00     0.00    0  0.00     0.00    0  0.00 
  540.58  574 302.77     0.00    0  0.00     0.00    0  0.00     0.00    0  0.00 
  480.54 1191 559.09     0.00    0  0.00     0.00    0  0.00     0.00    0  0.00 
  284.98 2399 667.59     0.00    0  0.00     0.00    0  0.00     0.00    0  0.00 
   44.07 1303 56.06     0.00    0  0.00     0.00    0  0.00     0.00    0  0.00 
   91.23  606 54.00     0.00    0  0.00     0.00    0  0.00     0.00    0  0.00 
  546.95 1172 626.19     0.00    0  0.00     0.00    0  0.00     0.00    0  0.00 
  564.95 1074 592.70     0.00    0  0.00     0.00    0  0.00     0.00    0  0.00 
  232.62 1717 390.17     0.00    0  0.00     0.00    0  0.00     0.00    0  0.00 
  178.03 1545 268.61     0.00    0  0.00     0.00    0  0.00     0.00    0  0.00 
  333.37 1973 642.18     0.00    0  0.00     0.00    0  0.00     0.00    0  0.00 
  294.02  124 35.52     0.00    0  0.00     0.00    0  0.00     0.00    0  0.00 
  233.49  169 38.55     0.00    0  0.00     0.00    0  0.00     0.00    0  0.00 
  467.86 1313 599.78     0.00    0  0.00     0.00    0  0.00     0.00    0  0.00 
  376.63 1778 654.08     0.00    0  0.00     0.00    0  0.00     0.00    0  0.00 
  274.90 1521 408.45     0.00    0  0.00     0.00    0  0.00     0.00    0  0.00 
  464.79  642 291.59     0.00    0  0.00     0.00    0  0.00     0.00    0  0.00 
              disk0               disk4               disk6               disk7 
    KB/t  tps  MB/s     KB/t  tps  MB/s     KB/t  tps  MB/s     KB/t  tps  MB/s 
  336.32 1875 615.88     0.00    0  0.00     0.00    0  0.00     0.00    0  0.00 
   72.10  605 42.59     0.00    0  0.00     0.00    0  0.00     0.00    0  0.00 
   36.59 1888 67.45     0.00    0  0.00     0.00    0  0.00     0.00    0  0.00 
  286.03 2348 655.88     0.00    0  0.00     0.00    0  0.00     0.00    0  0.00 
  504.41 1140 561.37     0.00    0  0.00     0.00    0  0.00     0.00    0  0.00 
  531.28  489 253.54     0.00    0  0.00     0.00    0  0.00     0.00    0  0.00 
  325.46  943 299.75     0.00    0  0.00     0.00    0  0.00     0.00    0  0.00 
  269.95 1760 463.91     0.00    0  0.00     0.00    0  0.00     0.00    0  0.00 
   44.81  974 42.61     0.00    0  0.00     0.00    0  0.00     0.00    0  0.00 
  109.54  377 40.28     0.00    0  0.00     0.00    0  0.00     0.00    0  0.00 
   87.98 6528 560.87     0.00    0  0.00     0.00    0  0.00     0.00    0  0.00 
   20.02 10155 198.49     0.00    0  0.00     0.00    0  0.00     0.00    0  0.00 
   19.84 10605 205.45     0.00    0  0.00     0.00    0  0.00     0.00    0  0.00 
  163.46 2215 353.62     0.00    0  0.00     0.00    0  0.00     0.00    0  0.00 
  177.14  594 102.76     0.00    0  0.00     0.00    0  0.00     0.00    0  0.00 
  264.98 1436 371.51     0.00    0  0.00     0.00    0  0.00     0.00    0  0.00 
  159.16 2782 432.34     0.00    0  0.00     0.00    0  0.00     0.00    0  0.00 
   44.49 2962 128.67     0.00    0  0.00     0.00    0  0.00     0.00    0  0.00 
   32.31 13804 435.60     0.00    0  0.00     0.00    0  0.00     0.00    0  0.00 
   88.90 5168 448.71     0.00    0  0.00     0.00    0  0.00     0.00    0  0.00 
              disk0               disk4               disk6               disk7 
    KB/t  tps  MB/s     KB/t  tps  MB/s     KB/t  tps  MB/s     KB/t  tps  MB/s 
  277.76 1696 459.96     0.00    0  0.00     0.00    0  0.00     0.00    0  0.00 
  109.59 4807 514.45     0.00    0  0.00     0.00    0  0.00     0.00    0  0.00 
  204.44 1556 310.74     0.00    0  0.00     0.00    0  0.00     0.00    0  0.00 
   41.78 1749 71.37     0.00    0  0.00     0.00    0  0.00     0.00    0  0.00 
  253.14 1591 393.28     0.00    0  0.00     0.00    0  0.00     0.00    0  0.00 
  394.89 1094 421.92     0.00    0  0.00     0.00    0  0.00     0.00    0  0.00 
  543.38  785 416.54     0.00    0  0.00     0.00    0  0.00     0.00    0  0.00 
  685.73  674 451.15     0.00    0  0.00     0.00    0  0.00     0.00    0  0.00 
   82.51  567 45.71     0.00    0  0.00     0.00    0  0.00     0.00    0  0.00 
   27.79 4344 117.88     0.00    0  0.00     0.00    0  0.00     0.00    0  0.00 
  387.01 1301 491.70     0.00    0  0.00     0.00    0  0.00     0.00    0  0.00 
  727.47  924 656.48     0.00    0  0.00     0.00    0  0.00     0.00    0  0.00 
  363.87 1532 544.22     0.00    0  0.00     0.00    0  0.00     0.00    0  0.00 
  310.36 1001 303.39     0.00    0  0.00     0.00    0  0.00     0.00    0  0.00 
   48.81  903 43.03     0.00    0  0.00     0.00    0  0.00     0.00    0  0.00 
  288.46 1799 506.68     0.00    0  0.00     0.00    0  0.00     0.00    0  0.00 
  473.00 1139 526.31     0.00    0  0.00     0.00    0  0.00     0.00    0  0.00 
  545.17 1103 586.98     0.00    0  0.00     0.00    0  0.00     0.00    0  0.00 
  505.01 1100 542.27     0.00    0  0.00     0.00    0  0.00     0.00    0  0.00 
   50.31  969 47.61     0.00    0  0.00     0.00    0  0.00     0.00    0  0.00 
              disk0               disk4               disk6               disk7 
    KB/t  tps  MB/s     KB/t  tps  MB/s     KB/t  tps  MB/s     KB/t  tps  MB/s 
   52.20  760 38.76     0.00    0  0.00     0.00    0  0.00     0.00    0  0.00 
  482.39 1490 701.74     0.00    0  0.00     0.00    0  0.00     0.00    0  0.00 
  467.63 1607 733.75     0.00    0  0.00     0.00    0  0.00     0.00    0  0.00 
  379.91 1846 685.06     0.00    0  0.00     0.00    0  0.00     0.00    0  0.00 
  191.80 1112 208.23     0.00    0  0.00     0.00    0  0.00     0.00    0  0.00 
   39.70 1346 52.17     0.00    0  0.00     0.00    0  0.00     0.00    0  0.00 
  626.30  998 610.22     0.00    0  0.00     0.00    0  0.00     0.00    0  0.00 
  181.81 3218 571.32     0.00    0  0.00     0.00    0  0.00     0.00    0  0.00 
