     1 -> '<s>'
   355 -> ' A'
 16901 -> ' quiet'
 23755 -> ' archive'
  5606 -> ' contains'
 24243 -> ' ordinary'
 10396 -> ' records'
  1071 -> ' about'
 49613 -> ' rivers'
 93938 -> ','
 15816 -> ' maps'
 93938 -> ','
 46263 -> ' stones'
 93938 -> ','
   326 -> ' and'
 18323 -> ' weather'
 93937 -> '.'
    23 -> '
'
 93957 -> 'A'
 16901 -> ' quiet'
 23755 -> ' archive'
  5606 -> ' contains'
 24243 -> ' ordinary'
 10396 -> ' records'
  1071 -> ' about'
 49613 -> ' rivers'
 93938 -> ','
 15816 -> ' maps'
 93938 -> ','
 46263 -> ' stones'
 93938 -> ','
   326 -> ' and'
 18323 -> ' weather'
 93937 -> '.'
    23 -> '
'
 93957 -> 'A'
 16901 -> ' quiet'
 23755 -> ' archive'
  5606 -> ' contains'
 24243 -> ' ordinary'
 10396 -> ' records'
  1071 -> ' about'
 49613 -> ' rivers'
 93938 -> ','
 15816 -> ' maps'
 93938 -> ','
 46263 -> ' stones'
 93938 -> ','
   326 -> ' and'
 18323 -> ' weather'
 93937 -> '.'
    23 -> '
'
 93957 -> 'A'
 16901 -> ' quiet'
 23755 -> ' archive'
  5606 -> ' contains'
 24243 -> ' ordinary'
 10396 -> ' records'
  1071 -> ' about'
 49613 -> ' rivers'
 93938 -> ','
 15816 -> ' maps'
 93938 -> ','
 46263 -> ' stones'
 93938 -> ','
   326 -> ' and'
 18323 -> ' weather'
 93937 -> '.'
    23 -> '
'
 93957 -> 'A'
 16901 -> ' quiet'
 23755 -> ' archive'
  5606 -> ' contains'
 24243 -> ' ordinary'
 10396 -> ' records'
  1071 -> ' about'
 49613 -> ' rivers'
 93938 -> ','
 15816 -> ' maps'
 93938 -> ','
 46263 -> ' stones'
 93938 -> ','
   326 -> ' and'
 18323 -> ' weather'
 93937 -> '.'
    23 -> '
'
 93957 -> 'A'
 16901 -> ' quiet'
 23755 -> ' archive'
  5606 -> ' contains'
 24243 -> ' ordinary'
 10396 -> ' records'
  1071 -> ' about'
 49613 -> ' rivers'
 93938 -> ','
 15816 -> ' maps'
 93938 -> ','
 46263 -> ' stones'
 93938 -> ','
   326 -> ' and'
 18323 -> ' weather'
 93937 -> '.'
    23 -> '
'
 93957 -> 'A'
 16901 -> ' quiet'
 23755 -> ' archive'
  5606 -> ' contains'
 24243 -> ' ordinary'
 10396 -> ' records'
  1071 -> ' about'
 49613 -> ' rivers'
 93938 -> ','
 15816 -> ' maps'
 93938 -> ','
 46263 -> ' stones'
 93938 -> ','
   326 -> ' and'
 18323 -> ' weather'
 93937 -> '.'
    23 -> '
'
 93957 -> 'A'
 16901 -> ' quiet'
 23755 -> ' archive'
  5606 -> ' contains'
 24243 -> ' ordinary'
 10396 -> ' records'
  1071 -> ' about'
 49613 -> ' rivers'
 93938 -> ','
 15816 -> ' maps'
 93938 -> ','
 46263 -> ' stones'
 93938 -> ','
   326 -> ' and'
 18323 -> ' weather'
 93937 -> '.'
    23 -> '
'
 93957 -> 'A'
 16901 -> ' quiet'
 23755 -> ' archive'
  5606 -> ' contains'
 24243 -> ' ordinary'
 10396 -> ' records'
  1071 -> ' about'
 49613 -> ' rivers'
 93938 -> ','
 15816 -> ' maps'
 93938 -> ','
 46263 -> ' stones'
 93938 -> ','
   326 -> ' and'
 18323 -> ' weather'
 93937 -> '.'
    23 -> '
'
 93957 -> 'A'
 16901 -> ' quiet'
 23755 -> ' archive'
  5606 -> ' contains'
 24243 -> ' ordinary'
 10396 -> ' records'
  1071 -> ' about'
 49613 -> ' rivers'
 93938 -> ','
 15816 -> ' maps'
 93938 -> ','
 46263 -> ' stones'
 93938 -> ','
   326 -> ' and'
 18323 -> ' weather'
 93937 -> '.'
    23 -> '
'
 93957 -> 'A'
 16901 -> ' quiet'
 23755 -> ' archive'
  5606 -> ' contains'
 24243 -> ' ordinary'
 10396 -> ' records'
  1071 -> ' about'
 49613 -> ' rivers'
 93938 -> ','
 15816 -> ' maps'
 93938 -> ','
 46263 -> ' stones'
 93938 -> ','
   326 -> ' and'
 18323 -> ' weather'
 93937 -> '.'
    23 -> '
'
 93957 -> 'A'
 16901 -> ' quiet'
 23755 -> ' archive'
  5606 -> ' contains'
 24243 -> ' ordinary'
 10396 -> ' records'
  1071 -> ' about'
 49613 -> ' rivers'
 93938 -> ','
 15816 -> ' maps'
 93938 -> ','
 46263 -> ' stones'
 93938 -> ','
   326 -> ' and'
 18323 -> ' weather'
 93937 -> '.'
    23 -> '
'
 93957 -> 'A'
 16901 -> ' quiet'
 23755 -> ' archive'
  5606 -> ' contains'
 24243 -> ' ordinary'
 10396 -> ' records'
  1071 -> ' about'
 49613 -> ' rivers'
 93938 -> ','
 15816 -> ' maps'
 93938 -> ','
 46263 -> ' stones'
 93938 -> ','
   326 -> ' and'
 18323 -> ' weather'
 93937 -> '.'
    23 -> '
'
 93957 -> 'A'
 16901 -> ' quiet'
 23755 -> ' archive'
  5606 -> ' contains'
 24243 -> ' ordinary'
 10396 -> ' records'
  1071 -> ' about'
 49613 -> ' rivers'
 93938 -> ','
 15816 -> ' maps'
 93938 -> ','
 46263 -> ' stones'
 93938 -> ','
   326 -> ' and'
 18323 -> ' weather'
 93937 -> '.'
    23 -> '
'
 93957 -> 'A'
 16901 -> ' quiet'
 23755 -> ' archive'
  5606 -> ' contains'
 24243 -> ' ordinary'
 10396 -> ' records'
  1071 -> ' about'
 49613 -> ' rivers'
 93938 -> ','
 15816 -> ' maps'
 93938 -> ','
 46263 -> ' stones'
 93938 -> ','
   326 -> ' and'
 18323 -> ' weather'
 93937 -> '.'
    23 -> '
'
 93957 -> 'A'
 16901 -> ' quiet'
 23755 -> ' archive'
  5606 -> ' contains'
 24243 -> ' ordinary'
 10396 -> ' records'
  1071 -> ' about'
 49613 -> ' rivers'
 93938 -> ','
 15816 -> ' maps'
 93938 -> ','
 46263 -> ' stones'
 93938 -> ','
   326 -> ' and'
 18323 -> ' weather'
 93937 -> '.'
    23 -> '
'
 93957 -> 'A'
 16901 -> ' quiet'
 23755 -> ' archive'
  5606 -> ' contains'
 24243 -> ' ordinary'
 10396 -> ' records'
  1071 -> ' about'
 49613 -> ' rivers'
 93938 -> ','
 15816 -> ' maps'
 93938 -> ','
 46263 -> ' stones'
 93938 -> ','
   326 -> ' and'
 18323 -> ' weather'
 93937 -> '.'
    23 -> '
'
 93957 -> 'A'
 16901 -> ' quiet'
 23755 -> ' archive'
  5606 -> ' contains'
 24243 -> ' ordinary'
 10396 -> ' records'
  1071 -> ' about'
 49613 -> ' rivers'
 93938 -> ','
 15816 -> ' maps'
 93938 -> ','
 46263 -> ' stones'
 93938 -> ','
   326 -> ' and'
 18323 -> ' weather'
 93937 -> '.'
    23 -> '
'
 93957 -> 'A'
 16901 -> ' quiet'
 23755 -> ' archive'
  5606 -> ' contains'
 24243 -> ' ordinary'
 10396 -> ' records'
  1071 -> ' about'
 49613 -> ' rivers'
 93938 -> ','
 15816 -> ' maps'
 93938 -> ','
 46263 -> ' stones'
 93938 -> ','
   326 -> ' and'
 18323 -> ' weather'
 93937 -> '.'
    23 -> '
'
 93957 -> 'A'
 16901 -> ' quiet'
 23755 -> ' archive'
  5606 -> ' contains'
 24243 -> ' ordinary'
 10396 -> ' records'
  1071 -> ' about'
 49613 -> ' rivers'
 93938 -> ','
 15816 -> ' maps'
 93938 -> ','
 46263 -> ' stones'
 93938 -> ','
   326 -> ' and'
 18323 -> ' weather'
 93937 -> '.'
    23 -> '
'
 93957 -> 'A'
 16901 -> ' quiet'
 23755 -> ' archive'
  5606 -> ' contains'
 24243 -> ' ordinary'
 10396 -> ' records'
  1071 -> ' about'
 49613 -> ' rivers'
 93938 -> ','
 15816 -> ' maps'
 93938 -> ','
 46263 -> ' stones'
 93938 -> ','
   326 -> ' and'
 18323 -> ' weather'
 93937 -> '.'
    23 -> '
'
 93957 -> 'A'
 16901 -> ' quiet'
 23755 -> ' archive'
  5606 -> ' contains'
 24243 -> ' ordinary'
 10396 -> ' records'
  1071 -> ' about'
 49613 -> ' rivers'
 93938 -> ','
 15816 -> ' maps'
 93938 -> ','
 46263 -> ' stones'
 93938 -> ','
   326 -> ' and'
 18323 -> ' weather'
 93937 -> '.'
    23 -> '
'
 93957 -> 'A'
 16901 -> ' quiet'
 23755 -> ' archive'
  5606 -> ' contains'
 24243 -> ' ordinary'
 10396 -> ' records'
  1071 -> ' about'
 49613 -> ' rivers'
 93938 -> ','
 15816 -> ' maps'
 93938 -> ','
 46263 -> ' stones'
 93938 -> ','
   326 -> ' and'
 18323 -> ' weather'
 93937 -> '.'
    23 -> '
'
 93957 -> 'A'
 16901 -> ' quiet'
 23755 -> ' archive'
  5606 -> ' contains'
 24243 -> ' ordinary'
 10396 -> ' records'
  1071 -> ' about'
 49613 -> ' rivers'
 93938 -> ','
 15816 -> ' maps'
 93938 -> ','
 46263 -> ' stones'
 93938 -> ','
   326 -> ' and'
 18323 -> ' weather'
 93937 -> '.'
    23 -> '
'
 93957 -> 'A'
 16901 -> ' quiet'
 23755 -> ' archive'
  5606 -> ' contains'
 24243 -> ' ordinary'
 10396 -> ' records'
  1071 -> ' about'
 49613 -> ' rivers'
 93938 -> ','
 15816 -> ' maps'
 93938 -> ','
 46263 -> ' stones'
 93938 -> ','
   326 -> ' and'
 18323 -> ' weather'
 93937 -> '.'
    23 -> '
'
 93957 -> 'A'
 16901 -> ' quiet'
 23755 -> ' archive'
  5606 -> ' contains'
 24243 -> ' ordinary'
 10396 -> ' records'
  1071 -> ' about'
 49613 -> ' rivers'
 93938 -> ','
 15816 -> ' maps'
 93938 -> ','
 46263 -> ' stones'
 93938 -> ','
   326 -> ' and'
 18323 -> ' weather'
 93937 -> '.'
    23 -> '
'
 93957 -> 'A'
 16901 -> ' quiet'
 23755 -> ' archive'
  5606 -> ' contains'
 24243 -> ' ordinary'
 10396 -> ' records'
  1071 -> ' about'
 49613 -> ' rivers'
 93938 -> ','
 15816 -> ' maps'
 93938 -> ','
 46263 -> ' stones'
 93938 -> ','
   326 -> ' and'
 18323 -> ' weather'
 93937 -> '.'
    23 -> '
'
 93957 -> 'A'
 16901 -> ' quiet'
 23755 -> ' archive'
  5606 -> ' contains'
 24243 -> ' ordinary'
 10396 -> ' records'
  1071 -> ' about'
 49613 -> ' rivers'
 93938 -> ','
 15816 -> ' maps'
 93938 -> ','
 46263 -> ' stones'
 93938 -> ','
   326 -> ' and'
 18323 -> ' weather'
 93937 -> '.'
    23 -> '
'
 93957 -> 'A'
 16901 -> ' quiet'
 23755 -> ' archive'
  5606 -> ' contains'
 24243 -> ' ordinary'
 10396 -> ' records'
  1071 -> ' about'
 49613 -> ' rivers'
 93938 -> ','
 15816 -> ' maps'
 93938 -> ','
 46263 -> ' stones'
 93938 -> ','
   326 -> ' and'
 18323 -> ' weather'
 93937 -> '.'
    23 -> '
'
 93957 -> 'A'
 16901 -> ' quiet'
 23755 -> ' archive'
  5606 -> ' contains'
 24243 -> ' ordinary'
 10396 -> ' records'
  1071 -> ' about'
 49613 -> ' rivers'
 93938 -> ','
 15816 -> ' maps'
 93938 -> ','
 46263 -> ' stones'
 93938 -> ','
   326 -> ' and'
 18323 -> ' weather'
 93937 -> '.'
    23 -> '
'
 93957 -> 'A'
 16901 -> ' quiet'
 23755 -> ' archive'
  5606 -> ' contains'
 24243 -> ' ordinary'
 10396 -> ' records'
  1071 -> ' about'
 49613 -> ' rivers'
 93938 -> ','
 15816 -> ' maps'
 93938 -> ','
 46263 -> ' stones'
 93938 -> ','
   326 -> ' and'
 18323 -> ' weather'
 93937 -> '.'
    23 -> '
'
 93957 -> 'A'
 16901 -> ' quiet'
 23755 -> ' archive'
  5606 -> ' contains'
 24243 -> ' ordinary'
 10396 -> ' records'
  1071 -> ' about'
 49613 -> ' rivers'
 93938 -> ','
 15816 -> ' maps'
 93938 -> ','
 46263 -> ' stones'
 93938 -> ','
   326 -> ' and'
 18323 -> ' weather'
 93937 -> '.'
    23 -> '
'
 93957 -> 'A'
 16901 -> ' quiet'
 23755 -> ' archive'
  5606 -> ' contains'
 24243 -> ' ordinary'
 10396 -> ' records'
  1071 -> ' about'
 49613 -> ' rivers'
 93938 -> ','
 15816 -> ' maps'
 93938 -> ','
 46263 -> ' stones'
 93938 -> ','
   326 -> ' and'
 18323 -> ' weather'
 93937 -> '.'
    23 -> '
'
 93957 -> 'A'
 16901 -> ' quiet'
 23755 -> ' archive'
  5606 -> ' contains'
 24243 -> ' ordinary'
 10396 -> ' records'
  1071 -> ' about'
 49613 -> ' rivers'
 93938 -> ','
 15816 -> ' maps'
 93938 -> ','
 46263 -> ' stones'
 93938 -> ','
   326 -> ' and'
 18323 -> ' weather'
 93937 -> '.'
    23 -> '
'
 93957 -> 'A'
 16901 -> ' quiet'
 23755 -> ' archive'
  5606 -> ' contains'
 24243 -> ' ordinary'
 10396 -> ' records'
  1071 -> ' about'
 49613 -> ' rivers'
 93938 -> ','
 15816 -> ' maps'
 93938 -> ','
 46263 -> ' stones'
 93938 -> ','
   326 -> ' and'
 18323 -> ' weather'
 93937 -> '.'
    23 -> '
'
 93957 -> 'A'
 16901 -> ' quiet'
 23755 -> ' archive'
  5606 -> ' contains'
 24243 -> ' ordinary'
 10396 -> ' records'
  1071 -> ' about'
 49613 -> ' rivers'
 93938 -> ','
 15816 -> ' maps'
 93938 -> ','
 46263 -> ' stones'
 93938 -> ','
   326 -> ' and'
 18323 -> ' weather'
 93937 -> '.'
    23 -> '
'
 93957 -> 'A'
 16901 -> ' quiet'
 23755 -> ' archive'
  5606 -> ' contains'
 24243 -> ' ordinary'
 10396 -> ' records'
  1071 -> ' about'
 49613 -> ' rivers'
 93938 -> ','
 15816 -> ' maps'
 93938 -> ','
 46263 -> ' stones'
 93938 -> ','
   326 -> ' and'
 18323 -> ' weather'
 93937 -> '.'
    23 -> '
'
 93957 -> 'A'
 16901 -> ' quiet'
 23755 -> ' archive'
  5606 -> ' contains'
 24243 -> ' ordinary'
 10396 -> ' records'
  1071 -> ' about'
 49613 -> ' rivers'
 93938 -> ','
 15816 -> ' maps'
 93938 -> ','
 46263 -> ' stones'
 93938 -> ','
   326 -> ' and'
 18323 -> ' weather'
 93937 -> '.'
    23 -> '
'
 93957 -> 'A'
 16901 -> ' quiet'
 23755 -> ' archive'
  5606 -> ' contains'
 24243 -> ' ordinary'
 10396 -> ' records'
  1071 -> ' about'
 49613 -> ' rivers'
 93938 -> ','
 15816 -> ' maps'
 93938 -> ','
 46263 -> ' stones'
 93938 -> ','
   326 -> ' and'
 18323 -> ' weather'
 93937 -> '.'
    23 -> '
'
 93957 -> 'A'
 16901 -> ' quiet'
 23755 -> ' archive'
  5606 -> ' contains'
 24243 -> ' ordinary'
 10396 -> ' records'
  1071 -> ' about'
 49613 -> ' rivers'
 93938 -> ','
 15816 -> ' maps'
 93938 -> ','
 46263 -> ' stones'
 93938 -> ','
   326 -> ' and'
 18323 -> ' weather'
 93937 -> '.'
    23 -> '
'
 93957 -> 'A'
 16901 -> ' quiet'
 23755 -> ' archive'
  5606 -> ' contains'
 24243 -> ' ordinary'
 10396 -> ' records'
  1071 -> ' about'
 49613 -> ' rivers'
 93938 -> ','
 15816 -> ' maps'
 93938 -> ','
 46263 -> ' stones'
 93938 -> ','
   326 -> ' and'
 18323 -> ' weather'
 93937 -> '.'
    23 -> '
'
 93957 -> 'A'
 16901 -> ' quiet'
 23755 -> ' archive'
  5606 -> ' contains'
 24243 -> ' ordinary'
 10396 -> ' records'
  1071 -> ' about'
 49613 -> ' rivers'
 93938 -> ','
 15816 -> ' maps'
 93938 -> ','
 46263 -> ' stones'
 93938 -> ','
   326 -> ' and'
 18323 -> ' weather'
 93937 -> '.'
    23 -> '
'
 93957 -> 'A'
 16901 -> ' quiet'
 23755 -> ' archive'
  5606 -> ' contains'
 24243 -> ' ordinary'
 10396 -> ' records'
  1071 -> ' about'
 49613 -> ' rivers'
 93938 -> ','
 15816 -> ' maps'
 93938 -> ','
 46263 -> ' stones'
 93938 -> ','
   326 -> ' and'
 18323 -> ' weather'
 93937 -> '.'
    23 -> '
'
 93957 -> 'A'
 16901 -> ' quiet'
 23755 -> ' archive'
  5606 -> ' contains'
 24243 -> ' ordinary'
 10396 -> ' records'
  1071 -> ' about'
 49613 -> ' rivers'
 93938 -> ','
 15816 -> ' maps'
 93938 -> ','
 46263 -> ' stones'
 93938 -> ','
   326 -> ' and'
 18323 -> ' weather'
 93937 -> '.'
    23 -> '
'
 93957 -> 'A'
 16901 -> ' quiet'
 23755 -> ' archive'
  5606 -> ' contains'
 24243 -> ' ordinary'
 10396 -> ' records'
  1071 -> ' about'
 49613 -> ' rivers'
 93938 -> ','
 15816 -> ' maps'
 93938 -> ','
 46263 -> ' stones'
 93938 -> ','
   326 -> ' and'
 18323 -> ' weather'
 93937 -> '.'
    23 -> '
'
 93957 -> 'A'
 16901 -> ' quiet'
 23755 -> ' archive'
  5606 -> ' contains'
 24243 -> ' ordinary'
 10396 -> ' records'
  1071 -> ' about'
 49613 -> ' rivers'
 93938 -> ','
 15816 -> ' maps'
 93938 -> ','
 46263 -> ' stones'
 93938 -> ','
   326 -> ' and'
 18323 -> ' weather'
 93937 -> '.'
    23 -> '
'
 93957 -> 'A'
 16901 -> ' quiet'
 23755 -> ' archive'
  5606 -> ' contains'
 24243 -> ' ordinary'
 10396 -> ' records'
  1071 -> ' about'
 49613 -> ' rivers'
 93938 -> ','
 15816 -> ' maps'
 93938 -> ','
 46263 -> ' stones'
 93938 -> ','
   326 -> ' and'
 18323 -> ' weather'
 93937 -> '.'
    23 -> '
'
 93957 -> 'A'
 16901 -> ' quiet'
 23755 -> ' archive'
  5606 -> ' contains'
 24243 -> ' ordinary'
 10396 -> ' records'
  1071 -> ' about'
 49613 -> ' rivers'
 93938 -> ','
 15816 -> ' maps'
 93938 -> ','
 46263 -> ' stones'
 93938 -> ','
   326 -> ' and'
 18323 -> ' weather'
 93937 -> '.'
    23 -> '
'
 93957 -> 'A'
 16901 -> ' quiet'
 23755 -> ' archive'
  5606 -> ' contains'
 24243 -> ' ordinary'
 10396 -> ' records'
  1071 -> ' about'
 49613 -> ' rivers'
 93938 -> ','
 15816 -> ' maps'
 93938 -> ','
 46263 -> ' stones'
 93938 -> ','
   326 -> ' and'
 18323 -> ' weather'
 93937 -> '.'
    23 -> '
'
 93957 -> 'A'
 16901 -> ' quiet'
 23755 -> ' archive'
  5606 -> ' contains'
 24243 -> ' ordinary'
 10396 -> ' records'
  1071 -> ' about'
 49613 -> ' rivers'
 93938 -> ','
 15816 -> ' maps'
 93938 -> ','
 46263 -> ' stones'
 93938 -> ','
   326 -> ' and'
 18323 -> ' weather'
 93937 -> '.'
    23 -> '
'
 93957 -> 'A'
 16901 -> ' quiet'
 23755 -> ' archive'
  5606 -> ' contains'
 24243 -> ' ordinary'
 10396 -> ' records'
  1071 -> ' about'
 49613 -> ' rivers'
 93938 -> ','
 15816 -> ' maps'
 93938 -> ','
 46263 -> ' stones'
 93938 -> ','
   326 -> ' and'
 18323 -> ' weather'
 93937 -> '.'
    23 -> '
'
 93957 -> 'A'
 16901 -> ' quiet'
 23755 -> ' archive'
  5606 -> ' contains'
 24243 -> ' ordinary'
 10396 -> ' records'
  1071 -> ' about'
 49613 -> ' rivers'
 93938 -> ','
 15816 -> ' maps'
 93938 -> ','
 46263 -> ' stones'
 93938 -> ','
   326 -> ' and'
 18323 -> ' weather'
 93937 -> '.'
    23 -> '
'
 93957 -> 'A'
 16901 -> ' quiet'
 23755 -> ' archive'
  5606 -> ' contains'
 24243 -> ' ordinary'
 10396 -> ' records'
  1071 -> ' about'
 49613 -> ' rivers'
 93938 -> ','
 15816 -> ' maps'
 93938 -> ','
 46263 -> ' stones'
 93938 -> ','
   326 -> ' and'
 18323 -> ' weather'
 93937 -> '.'
    23 -> '
'
 93957 -> 'A'
 16901 -> ' quiet'
 23755 -> ' archive'
  5606 -> ' contains'
 24243 -> ' ordinary'
 10396 -> ' records'
  1071 -> ' about'
 49613 -> ' rivers'
 93938 -> ','
 15816 -> ' maps'
 93938 -> ','
 46263 -> ' stones'
 93938 -> ','
   326 -> ' and'
 18323 -> ' weather'
 93937 -> '.'
    23 -> '
'
 93957 -> 'A'
 16901 -> ' quiet'
 23755 -> ' archive'
  5606 -> ' contains'
 24243 -> ' ordinary'
 10396 -> ' records'
  1071 -> ' about'
 49613 -> ' rivers'
 93938 -> ','
 15816 -> ' maps'
 93938 -> ','
 46263 -> ' stones'
 93938 -> ','
   326 -> ' and'
 18323 -> ' weather'
 93937 -> '.'
    23 -> '
'
 93957 -> 'A'
 16901 -> ' quiet'
 23755 -> ' archive'
  5606 -> ' contains'
 24243 -> ' ordinary'
 10396 -> ' records'
  1071 -> ' about'
 49613 -> ' rivers'
 93938 -> ','
 15816 -> ' maps'
 93938 -> ','
 46263 -> ' stones'
 93938 -> ','
   326 -> ' and'
 18323 -> ' weather'
 93937 -> '.'
    23 -> '
'
 93957 -> 'A'
 16901 -> ' quiet'
 23755 -> ' archive'
  5606 -> ' contains'
 24243 -> ' ordinary'
 10396 -> ' records'
  1071 -> ' about'
 49613 -> ' rivers'
 93938 -> ','
 15816 -> ' maps'
 93938 -> ','
 46263 -> ' stones'
 93938 -> ','
   326 -> ' and'
 18323 -> ' weather'
 93937 -> '.'
    23 -> '
'
 93957 -> 'A'
 16901 -> ' quiet'
 23755 -> ' archive'
  5606 -> ' contains'
 24243 -> ' ordinary'
 10396 -> ' records'
  1071 -> ' about'
 49613 -> ' rivers'
 93938 -> ','
 15816 -> ' maps'
 93938 -> ','
 46263 -> ' stones'
 93938 -> ','
   326 -> ' and'
 18323 -> ' weather'
 93937 -> '.'
    23 -> '
'
    23 -> '
'
 86149 -> 'IMPORTANT'
  3683 -> ' RE'
  1235 -> 'TR'
  6973 -> 'IE'
  3006 -> 'VAL'
 83489 -> ' REC'
  4197 -> 'ORD'
 93963 -> ':'
   526 -> ' The'
  7571 -> ' secret'
  1623 -> ' code'
   357 -> ' is'
  2762 -> ' OR'
  5815 -> 'BIT'
 93942 -> '-'
     5 -> '2'
    10 -> '7'
     4 -> '1'
   663 -> ' .'
    23 -> '
'
 24324 -> 'Question'
 93963 -> ':'
  1912 -> ' What'
   357 -> ' is'
   290 -> ' the'
  7571 -> ' secret'
  1623 -> ' code'
 94009 -> '?'
 74862 -> ' Answer'
   441 -> ' with'
  1079 -> ' only'
   290 -> ' the'
  1623 -> ' code'
 93937 -> '.'
    23 -> '
'
Total number of tokens: 1023
